[CONSOLE.LOG REDIRECTED] 🧪 Testing Smart Context Injection...
[CONSOLE.LOG REDIRECTED] Loading AHK Data...
[CONSOLE.LOG REDIRECTED] Verifying AhkCompiler...
[CONSOLE.LOG REDIRECTED] Compiler Check: true
[CONSOLE.LOG REDIRECTED] 
📝 Analyzing: "MyMap := Map("key", "value")"
[CONSOLE.LOG REDIRECTED] extractKeywords called with: MyMap := Map("key", "value") 
[CONSOLE.LOG REDIRECTED] AST Parse Result: true Data present
[CONSOLE.LOG REDIRECTED] Found Identifier: MyMap
[CONSOLE.LOG REDIRECTED] Found CallExpression Identifier: Map
[CONSOLE.LOG REDIRECTED] Found Identifier: Map
[CONSOLE.LOG REDIRECTED] Extracted Keywords from AST: mymap,map,map
[CONSOLE.LOG REDIRECTED] ❌ FAILURE: Did not detect "Map"
[CONSOLE.LOG REDIRECTED] ACTUAL OUTPUT: ## 🎯 AutoHotkey v2 Expert Instructions

<AHK_AGENT_INSTRUCTION>

<role>
You are an elite AutoHotkey v2 engineer. Your mission is to understand the user's request, plan a clean solution using pure ...
[CONSOLE.LOG REDIRECTED] 
📝 Analyzing: "myGui.Add("Button")"
[CONSOLE.LOG REDIRECTED] extractKeywords called with: myGui.Add("Button") 
[CONSOLE.LOG REDIRECTED] AST Parse Result: true Data present
[CONSOLE.LOG REDIRECTED] Found CallExpression MemberExpression: Add
[CONSOLE.LOG REDIRECTED] Found Identifier: myGui
[CONSOLE.LOG REDIRECTED] Found Identifier: Add
[CONSOLE.LOG REDIRECTED] Extracted Keywords from AST: add,mygui,add
[CONSOLE.LOG REDIRECTED] ❌ FAILURE: Did not detect "Add"
[CONSOLE.LOG REDIRECTED] ACTUAL OUTPUT: ## 🎯 AutoHotkey v2 Expert Instructions

<AHK_AGENT_INSTRUCTION>

<role>
You are an elite AutoHotkey v2 engineer. Your mission is to understand the user's request, plan a clean solution using pure ...
[CONSOLE.LOG REDIRECTED] 
📝 Analyzing: "current := A_TickCount"
[CONSOLE.LOG REDIRECTED] extractKeywords called with: current := A_TickCount 
[CONSOLE.LOG REDIRECTED] AST Parse Result: true Data present
[CONSOLE.LOG REDIRECTED] Found Identifier: current
[CONSOLE.LOG REDIRECTED] Found Identifier: A_TickCount
[CONSOLE.LOG REDIRECTED] Extracted Keywords from AST: current,a_tickcount
[CONSOLE.LOG REDIRECTED] ❌ FAILURE: Did not detect "A_TickCount"
[CONSOLE.LOG REDIRECTED] ACTUAL OUTPUT: ## 🎯 Relevant AutoHotkey v2 Context

*Enhanced context from comprehensive documentation:*

### Variables

**A_WorkingDir**
Contains the current working directory, which is the default folder for File...
